BEGINNING OF TURN 1 MOVEMENT PHASE
